PHPUnit 9.6.34 by Sebastian Bergmann and contributors.

  Warning - The configuration file did not pass validation!
  The following problems have been detected:

  Line 24:
  - Element 'source': This element is not expected.

  Test results may not be as expected.


Testing 
[41;37mF[0m[41;37mF[0m.[41;37mF[0m..[31;1mE[0m[31;1mE[0m[31;1mE[0m[31;1mE[0m[31;1mE[0m.                                                      12 / 12 (100%)

Time: 00:15.315, Memory: 32.00 MB

There were 5 errors:

1) App\Tests\Api\AuthenticationTest::testProtectedRouteWithToken
Undefined array key "token"

/var/www/html/tests/Api/AuthenticationTest.php:133

2) App\Tests\Api\AvatarTest::testCreateAvatar
LogicException: Booting the kernel before calling "Symfony\Bundle\FrameworkBundle\Test\WebTestCase::createClient()" is not supported, the kernel should only be booted once.

/var/www/html/vendor/symfony/framework-bundle/Test/WebTestCase.php:41
/var/www/html/tests/Api/AvatarTest.php:22
/var/www/html/tests/Api/AvatarTest.php:40

3) App\Tests\Api\AvatarTest::testListOwnAvatars
LogicException: Booting the kernel before calling "Symfony\Bundle\FrameworkBundle\Test\WebTestCase::createClient()" is not supported, the kernel should only be booted once.

/var/www/html/vendor/symfony/framework-bundle/Test/WebTestCase.php:41
/var/www/html/tests/Api/AvatarTest.php:22
/var/www/html/tests/Api/AvatarTest.php:63

4) App\Tests\Api\AvatarTest::testCannotAccessOtherUsersAvatar
LogicException: Booting the kernel before calling "Symfony\Bundle\FrameworkBundle\Test\WebTestCase::createClient()" is not supported, the kernel should only be booted once.

/var/www/html/vendor/symfony/framework-bundle/Test/WebTestCase.php:41
/var/www/html/tests/Api/AvatarTest.php:22
/var/www/html/tests/Api/AvatarTest.php:94

5) App\Tests\Api\AvatarTest::testDeleteAvatar
LogicException: Booting the kernel before calling "Symfony\Bundle\FrameworkBundle\Test\WebTestCase::createClient()" is not supported, the kernel should only be booted once.

/var/www/html/vendor/symfony/framework-bundle/Test/WebTestCase.php:41
/var/www/html/tests/Api/AvatarTest.php:22
/var/www/html/tests/Api/AvatarTest.php:121

--

There were 3 failures:

1) App\Tests\Api\AuthenticationTest::testRegisterUser
Failed asserting that the Response status code is 201.
HTTP/1.1 422 Unprocessable Content
Cache-Control: no-cache, private
Content-Type:  application/json
Date:          Mon, 09 Mar 2026 22:06:41 GMT
X-Robots-Tag:  noindex

{"errors":{"email":"This email is already registered."}}

/var/www/html/vendor/symfony/framework-bundle/Test/BrowserKitAssertionsTrait.php:148
/var/www/html/vendor/symfony/framework-bundle/Test/BrowserKitAssertionsTrait.php:38
/var/www/html/tests/Api/AuthenticationTest.php:21

2) App\Tests\Api\AuthenticationTest::testRegisterDuplicateEmail
Failed asserting that the Response status code is 201.
HTTP/1.1 422 Unprocessable Content
Cache-Control: no-cache, private
Content-Type:  application/json
Date:          Mon, 09 Mar 2026 22:06:42 GMT
X-Robots-Tag:  noindex

{"errors":{"email":"This email is already registered."}}

/var/www/html/vendor/symfony/framework-bundle/Test/BrowserKitAssertionsTrait.php:148
/var/www/html/vendor/symfony/framework-bundle/Test/BrowserKitAssertionsTrait.php:38
/var/www/html/tests/Api/AuthenticationTest.php:42

3) App\Tests\Api\AuthenticationTest::testLoginWithValidCredentials
Failed asserting that the Response status code is 201.
HTTP/1.1 422 Unprocessable Content
Cache-Control: no-cache, private
Content-Type:  application/json
Date:          Mon, 09 Mar 2026 22:06:42 GMT
X-Robots-Tag:  noindex

{"errors":{"email":"This email is already registered."}}

/var/www/html/vendor/symfony/framework-bundle/Test/BrowserKitAssertionsTrait.php:148
/var/www/html/vendor/symfony/framework-bundle/Test/BrowserKitAssertionsTrait.php:38
/var/www/html/tests/Api/AuthenticationTest.php:81

[37;41mERRORS![0m
[37;41mTests: 12[0m[37;41m, Assertions: 7[0m[37;41m, Errors: 5[0m[37;41m, Failures: 3[0m[37;41m.[0m

Remaining indirect deprecation notices (23)

  23x: Since symfony/security-http 7.4: The "Symfony\Component\Security\Http\Firewall\AbstractListener::__invoke()" method is deprecated since Symfony 7.4 and will be removed in 8.0.
    3x in AuthenticationTest::testRegisterUser from App\Tests\Api
    3x in AuthenticationTest::testRegisterDuplicateEmail from App\Tests\Api
    3x in AuthenticationTest::testRegisterWithShortPassword from App\Tests\Api
    3x in AuthenticationTest::testLoginWithValidCredentials from App\Tests\Api
    3x in AuthenticationTest::testProtectedRouteWithoutToken from App\Tests\Api
    ...

Other deprecation notices (8)

  8x: Since symfony/security-http 7.3: Passing a boolean as "exposeSecurityErrors" parameter is deprecated, use Symfony\Component\Security\Http\Authentication\ExposeSecurityLevel value instead.
    1x in AuthenticationTest::testRegisterUser from App\Tests\Api
    1x in AuthenticationTest::testRegisterDuplicateEmail from App\Tests\Api
    1x in AuthenticationTest::testRegisterWithShortPassword from App\Tests\Api
    1x in AuthenticationTest::testLoginWithValidCredentials from App\Tests\Api
    1x in AuthenticationTest::testLoginWithInvalidCredentials from App\Tests\Api
    ...

